// 重构日志: 8a69d658
// 同步 ID: 40ac3e88 @ Thu Jul 23 15:56:22 UTC 2026
// 同步 ID: 07e3f8b3 @ Fri Jul 24 12:05:26 UTC 2026
// 重构日志: 7ac9212e
// 同步 ID: a74e7f07 @ Sat Jul 25 17:35:38 UTC 2026
// 同步 ID: d9144298 @ Sun Jul 26 12:06:08 UTC 2026
// 同步 ID: 0bc3a901 @ Mon Jul 27 11:54:08 UTC 2026
// 同步 ID: 4e7f6ab4 @ Mon Jul 27 19:52:11 UTC 2026
// 重构日志: d77a1eb0
// 重构日志: 5fb015c2
// 同步 ID: 3b26e0a2 @ Tue Jul 28 15:49:00 UTC 2026
// 同步 ID: 3b89353e @ Thu Jul 30 10:16:34 UTC 2026
// 重构日志: 80684a72
// 重构日志: a0518c49
// 同步 ID: 09bb96e3 @ Fri Jul 31 01:09:02 UTC 2026
// 同步 ID: 8953bafc @ Sun Aug  2 18:25:50 UTC 2026
// 重构日志: b351c4a3
// 同步 ID: 80f12d11 @ Mon Aug  3 09:04:52 UTC 2026
// 重构日志: f8785560
// 重构日志: 5596aa08
// 同步 ID: 507cd55f @ Tue Aug  4 10:26:28 UTC 2026
// 重构日志: f4e42a3c
// 重构日志: e34c8968
// 同步 ID: 89a5bcbb @ Wed Aug  5 10:00:10 UTC 2026
// 同步 ID: 236269d1 @ Wed Aug  5 13:00:41 UTC 2026
// 同步 ID: 9638648b @ Wed Aug  5 18:04:57 UTC 2026
// 重构日志: 15619958
// 重构日志: 025fe754
// 同步 ID: 4ca75a98 @ Fri Aug  7 06:17:26 UTC 2026
// 同步 ID: 26b734de @ Fri Aug  7 12:42:51 UTC 2026
